Launching lib/main.dart on iPhone 17 Pro in debug mode...
The following plugins do not support Swift Package Manager for ios:
  - open_filex
This will become an error in a future version of Flutter. Please contact the plugin maintainers to request Swift Package Manager adoption.
Running Xcode build...                                          
Xcode build done.                                           10.6s
Syncing files to device iPhone 17 Pro...                           617ms

Flutter run key commands.
r Hot reload. 🔥🔥🔥
R Hot restart.
h List all available interactive commands.
d Detach (terminate "flutter run" but leave application running).
c Clear the screen
q Quit (terminate the application on the device).

A Dart VM Service on iPhone 17 Pro is available at: http://127.0.0.1:63222/JbTae1vPEAA=/
The Flutter DevTools debugger and profiler on iPhone 17 Pro is available at: http://127.0.0.1:63222/JbTae1vPEAA=/devtools/?uri=ws://127.0.0.1:63222/JbTae1vPEAA=/ws
-[WFIsolatedShortcutRunner init] Taking sandbox extensions for execution
-[WFIsolatedShortcutRunner init]_block_invoke Sandbox extensions acquired
Indexing for request: <WFToolKitIndexingRequest: 0x106dc8320>, changeset: .partial(updatedCount: 1 removedCount: 0 updated: ["com.swiftcargo.customerPortalMobile"], removed: [], provenance: [VoiceShortcutClient.ToolKitIndexingReason.Changeset.Provenance.launchServicesSnapshot(<LaunchServicesSnapshot uuid=2A8ED55B-4423-4CC9-9B7F-75EA1E2FBC05, v=860)> ["com.apple.ScreenshotServicesService", "com.apple.ShazamEventsApp", "com.apple.compass.CompassSettingsAppIntents", "com.apple.CompanionSetup", "com.apple.DocumentManager.DockFolderViewService", "com.apple.AppSSOUIService", "com.apple.chrono.WidgetRenderer-Activities", "com.apple.FCAuthenticationUI", "com.apple.findmy.FindMyIntents", "com.apple.SensitiveContentAnalysis.SensitiveContentAnalysisConfigurationExtension", "com.apple.CarPlaySetupApp", "com.apple.Posters.WeatherPosterApp", "com.apple.Maps.MapsSettingsAppIntents", "com.apple.ActivityProgress.ActivityProgressUI", "com.apple.TVSetupUIService", "com.apple.AXRemoteViewService", "com.apple.TDGSharingViewService", "com.apple.Pref<…>, priority: <decode: missing data>
Indexed: 0
Errored: 0
Skipped: [:]
Finished in 0.418695s
-[WFIsolatedShortcutRunner unaliveProcess] Releasing sandbox extensions
