Waiting for another flutter command to release the startup lock...
Launching lib/main.dart on sdk gphone16k arm64 in debug mode...
Running Gradle task 'assembleDebug'...                          
WARNING: A restricted method in java.lang.System has been called
WARNING: java.lang.System::load has been called by net.rubygrapefruit.platform.internal.NativeLibraryLoader in an unnamed module (file:/Users/deevexx/.gradle/wrapper/dists/gradle-9.1.0-all/7wzd0jkjit61aq2p43wpjgij9/gradle-9.1.0/lib/native-platform-0.22-milestone-28.jar)
WARNING: Use --enable-native-access=ALL-UNNAMED to avoid a warning for callers in this module
WARNING: Restricted methods will be blocked in a future release unless native access is enabled

Running Gradle task 'assembleDebug'...                              8.3s
✓ Built build/app/outputs/flutter-apk/app-debug.apk
Installing build/app/outputs/flutter-apk/app-debug.apk...          733ms
I/FlutterActivityAndFragmentDelegate(21167): If you are attempting to set --enable-dart-profiling via Intent extras to launch a Flutter component outside of using the Flutter CLI, note that support for setting engine flags on Android via Intent will soon be dropped; see https://github.com/flutter/flutter/issues/180686 for more information on this breaking change. To migrate, set --enable-dart-profiling or any other flags specified via Intent extras on the command line instead or see https://github.com/flutter/flutter/blob/main/docs/engine/Flutter-Android-Engine-Flags.md for alternative methods.
D/FlutterJNI(21167): Beginning load of flutter...
D/FlutterJNI(21167): flutter (null) was loaded normally!
I/flutter (21167): [IMPORTANT:flutter/shell/platform/android/android_context_gl_impeller.cc(104)] Using the Impeller rendering backend (OpenGLES).
D/nativeloader(21167): Load /data/app/~~NX64zdUNWq0CEO9mFlRpHw==/com.swiftcargo.customer_portal_mobile-DQ7aM-3EJjsisH28IGOFiA==/base.apk!/lib/arm64-v8a/libdartjni.so using class loader ns clns-9 (caller=/data/app/~~NX64zdUNWq0CEO9mFlRpHw==/com.swiftcargo.customer_portal_mobile-DQ7aM-3EJjsisH28IGOFiA==/base.apk!3): ok
I/r_portal_mobile(21167): hiddenapi: Accessing hidden method Landroid/view/accessibility/AccessibilityNodeInfo;->getSourceNodeId()J (runtime_flags=0, domain=platform, api=unsupported,test-api) from Lio/flutter/view/AccessibilityViewEmbedder$ReflectionAccessors; (domain=app, TargetSdkVersion=36) using reflection: allowed
I/r_portal_mobile(21167): hiddenapi: Accessing hidden method Landroid/view/accessibility/AccessibilityRecord;->getSourceNodeId()J (runtime_flags=0, domain=platform, api=unsupported) from Lio/flutter/view/AccessibilityViewEmbedder$ReflectionAccessors; (domain=app, TargetSdkVersion=36) using reflection: allowed
I/r_portal_mobile(21167): hiddenapi: Accessing hidden field Landroid/view/accessibility/AccessibilityNodeInfo;->mChildNodeIds:Landroid/util/LongArray; (runtime_flags=0, domain=platform, api=unsupported) from Lio/flutter/view/AccessibilityViewEmbedder$ReflectionAccessors; (domain=app, TargetSdkVersion=36) using reflection: allowed
I/r_portal_mobile(21167): hiddenapi: Accessing hidden method Landroid/util/LongArray;->get(I)J (runtime_flags=0, domain=platform, api=unsupported) from Lio/flutter/view/AccessibilityViewEmbedder$ReflectionAccessors; (domain=app, TargetSdkVersion=36) using reflection: allowed
D/FlutterRenderer(21167): Width is zero. 0,0
D/CompatChangeReporter(21167): Compat change id reported: 377864165; UID 10231; state: ENABLED
W/HWUI    (21167): Unknown dataspace 0
W/libc    (21167): Access denied finding property "vendor.mesa.virtgpu.kumquat"
Syncing files to device sdk gphone16k arm64...                     184ms

Flutter run key commands.
r Hot reload. 🔥🔥🔥
R Hot restart.
h List all available interactive commands.
d Detach (terminate "flutter run" but leave application running).
c Clear the screen
q Quit (terminate the application on the device).

A Dart VM Service on sdk gphone16k arm64 is available at: http://127.0.0.1:60424/vbeHYIuacCw=/
The Flutter DevTools debugger and profiler on sdk gphone16k arm64 is available at: http://127.0.0.1:60424/vbeHYIuacCw=/devtools/?uri=ws://127.0.0.1:60424/vbeHYIuacCw=/ws
I/Choreographer(21167): Skipped 48 frames!  The application may be doing too much work on its main thread.
D/WindowOnBackDispatcher(21167): setTopOnBackInvokedCallback (unwrapped): android.app.Activity$$ExternalSyntheticLambda0@d3335fa
D/WindowOnBackDispatcher(21167): setOnBackInvokedCallbackInfo: android.app.Activity$$ExternalSyntheticLambda0@d3335fa
I/WindowExtensionsImpl(21167): Initializing Window Extensions, vendor API level=10, activity embedding enabled=true
W/UiContextUtils(21167): Requested context is a non-UI Context. Creating a UI-Context with display: 0. Context: Context=android.app.Application@dbff9e7, of which baseContext=android.app.ContextImpl@293064e
D/VRI[MainActivity](21167): WindowInsets changed: 1080x2400 statusBars:[0,63,0,0] navigationBars:[0,0,0,63] mandatorySystemGestures:[0,63,0,84] 
D/FlutterRenderer(21167): Width is zero. 0,0
I/Surface (21167): Creating surface for consumer unnamed-21167-0 with slotExpansion=1 for 64 slots
I/Surface (21167): Creating surface for consumer VRI[MainActivity]#0(BLAST Consumer)0 with slotExpansion=1 for 64 slots
D/FlutterJNI(21167): Sending viewport metrics to the engine.
I/Surface (21167): Creating surface for consumer unnamed-21167-1 with slotExpansion=1 for 64 slots
I/Surface (21167): Creating surface for consumer f4cc068 SurfaceView[com.swiftcargo.customer_portal_mobile/com.swiftcargo.customer_portal_mobile.MainActivity]#1(BLAST Consumer)1 with slotExpansion=1 for 64 slots
I/r_portal_mobile(21167): Compiler allocated 4562KB to compile void android.view.ViewRootImpl.performTraversals(long)
I/HWUI    (21167): Using FreeType backend (prop=Auto)
D/WindowLayoutComponentImpl(21167): Register WindowLayoutInfoListener on Context=com.swiftcargo.customer_portal_mobile.MainActivity@7e59126, of which baseContext=android.app.ContextImpl@39092c8
D/FlutterJNI(21167): Sending viewport metrics to the engine.
D/InsetsController(21167): hide(ime())
I/ImeTracker(21167): com.swiftcargo.customer_portal_mobile:bb040c88: onCancelled at PHASE_CLIENT_ALREADY_HIDDEN
D/ProfileInstaller(21167): Installing profile for com.swiftcargo.customer_portal_mobile
D/WindowOnBackDispatcher(21167): setTopOnBackInvokedCallback (unwrapped): io.flutter.embedding.android.FlutterActivity$1@1b65d0c
D/WindowOnBackDispatcher(21167): setOnBackInvokedCallbackInfo: io.flutter.embedding.android.FlutterActivity$1@1b65d0c
D/WindowOnBackDispatcher(21167): setTopOnBackInvokedCallback (unwrapped): android.app.Activity$$ExternalSyntheticLambda0@d3335fa
D/WindowOnBackDispatcher(21167): setOnBackInvokedCallbackInfo: android.app.Activity$$ExternalSyntheticLambda0@d3335fa
Lost connection to device.
